// Jest Snapshot v1, https://goo.gl/fbAQLP

exports[`Basic rendering should render with required props 1`] = `"<span><div tabindex=\\"-1\\"><div><div><div class=\\"components-popover editor-url-popover block-editor-url-popover is-bottom is-center components-animate__appear is-from-top\\" style=\\"\\"><div class=\\"components-popover__content\\" tabindex=\\"-1\\"><div class=\\"block-editor-url-popover__input-container\\"><div class=\\"editor-url-popover__row block-editor-url-popover__row\\"><div class=\\"block-editor-link-control__popover-inner\\"><div class=\\"block-editor-link-control__search\\"><form><div class=\\"editor-url-input block-editor-url-input block-editor-link-control__search-input\\"><input type=\\"text\\" aria-label=\\"URL\\" required=\\"\\" placeholder=\\"Search or type url\\" role=\\"combobox\\" aria-expanded=\\"false\\" aria-autocomplete=\\"list\\" aria-owns=\\"block-editor-url-input-suggestions-0\\" value=\\"\\"></div></form></div></div></div></div></div></div></div></div></div></span>"`;
